genome,primer_1,primer_2
genome_1,2,4
genome_2,2,2
