primer_1	primer_1_1	primer_1_2
primer_2	primer_2_1	primer_2_2
