genome,edge_primer
evidence_levels_overlap_two_contigs,3
