genome,overlap_primers
evidence_levels_overlap_two_contigs,3
