genome,two_primers_simple
two_contigs_two_primers_single_hit,4A
