genome,simple_pimer
evidence_levels_simple_genome,0
