genome,single_primer_hit
evidence_levels_simple_genome,0
