genome,two_primers_simple
evidence_levels_simple_genome,1
