##gff-version 3
##sequence-region Fix_start_genome_2_fixstart 1 4
Fix_start_genome_2_fixstart	.	gene	1	2	.	-	0	tag=gene_00002
Fix_start_genome_2_fixstart	.	gene	3	4	.	-	0	tag=gene_00001
##FASTA
>Fix_start_genome_2_fixstart
TATT