##gff-version 3
##sequence-region Fix_start_genome_fixstart 1 4
Fix_start_genome_fixstart	.	gene	2	4	.	-	0	tag=gene_00001
##FASTA
>Fix_start_genome_fixstart
TTAT
